{"binary":6,"decimal":75,"float":10.25,"hex":255,"octal":700}
